Archive member included to satisfy reference by file (symbol)

/home/yangn0/bao_hyp_bosc/tools/riscv32-unknown-elf-15.1.0-ubuntu-22.04/bin/../lib/gcc/riscv32-unknown-elf/15.1.0/../../../../riscv32-unknown-elf/lib/libc.a(libc_a-sprintf.o)
                              FreeRTOS/tasks.o (sprintf)
/home/yangn0/bao_hyp_bosc/tools/riscv32-unknown-elf-15.1.0-ubuntu-22.04/bin/../lib/gcc/riscv32-unknown-elf/15.1.0/../../../../riscv32-unknown-elf/lib/libc.a(libc_a-impure.o)
                              /home/yangn0/bao_hyp_bosc/tools/riscv32-unknown-elf-15.1.0-ubuntu-22.04/bin/../lib/gcc/riscv32-unknown-elf/15.1.0/../../../../riscv32-unknown-elf/lib/libc.a(libc_a-sprintf.o) (_impure_ptr)
/home/yangn0/bao_hyp_bosc/tools/riscv32-unknown-elf-15.1.0-ubuntu-22.04/bin/../lib/gcc/riscv32-unknown-elf/15.1.0/../../../../riscv32-unknown-elf/lib/libc.a(libc_a-memset.o)
                              FreeRTOS/stream_buffer.o (memset)
/home/yangn0/bao_hyp_bosc/tools/riscv32-unknown-elf-15.1.0-ubuntu-22.04/bin/../lib/gcc/riscv32-unknown-elf/15.1.0/../../../../riscv32-unknown-elf/lib/libc.a(libc_a-memcpy.o)
                              FreeRTOS/queue.o (memcpy)
/home/yangn0/bao_hyp_bosc/tools/riscv32-unknown-elf-15.1.0-ubuntu-22.04/bin/../lib/gcc/riscv32-unknown-elf/15.1.0/../../../../riscv32-unknown-elf/lib/libc.a(libc_a-strlen.o)
                              FreeRTOS/tasks.o (strlen)
/home/yangn0/bao_hyp_bosc/tools/riscv32-unknown-elf-15.1.0-ubuntu-22.04/bin/../lib/gcc/riscv32-unknown-elf/15.1.0/../../../../riscv32-unknown-elf/lib/libc.a(libc_a-strcpy.o)
                              FreeRTOS/tasks.o (strcpy)
/home/yangn0/bao_hyp_bosc/tools/riscv32-unknown-elf-15.1.0-ubuntu-22.04/bin/../lib/gcc/riscv32-unknown-elf/15.1.0/../../../../riscv32-unknown-elf/lib/libc.a(libc_a-svfprintf.o)
                              /home/yangn0/bao_hyp_bosc/tools/riscv32-unknown-elf-15.1.0-ubuntu-22.04/bin/../lib/gcc/riscv32-unknown-elf/15.1.0/../../../../riscv32-unknown-elf/lib/libc.a(libc_a-sprintf.o) (_svfprintf_r)
/home/yangn0/bao_hyp_bosc/tools/riscv32-unknown-elf-15.1.0-ubuntu-22.04/bin/../lib/gcc/riscv32-unknown-elf/15.1.0/../../../../riscv32-unknown-elf/lib/libc.a(libc_a-ssprint_r.o)
                              /home/yangn0/bao_hyp_bosc/tools/riscv32-unknown-elf-15.1.0-ubuntu-22.04/bin/../lib/gcc/riscv32-unknown-elf/15.1.0/../../../../riscv32-unknown-elf/lib/libc.a(libc_a-svfprintf.o) (__ssprint_r)
/home/yangn0/bao_hyp_bosc/tools/riscv32-unknown-elf-15.1.0-ubuntu-22.04/bin/../lib/gcc/riscv32-unknown-elf/15.1.0/../../../../riscv32-unknown-elf/lib/libc.a(libc_a-findfp.o)
                              /home/yangn0/bao_hyp_bosc/tools/riscv32-unknown-elf-15.1.0-ubuntu-22.04/bin/../lib/gcc/riscv32-unknown-elf/15.1.0/../../../../riscv32-unknown-elf/lib/libc.a(libc_a-impure.o) (__sf)
/home/yangn0/bao_hyp_bosc/tools/riscv32-unknown-elf-15.1.0-ubuntu-22.04/bin/../lib/gcc/riscv32-unknown-elf/15.1.0/../../../../riscv32-unknown-elf/lib/libc.a(libc_a-fwalk.o)
                              /home/yangn0/bao_hyp_bosc/tools/riscv32-unknown-elf-15.1.0-ubuntu-22.04/bin/../lib/gcc/riscv32-unknown-elf/15.1.0/../../../../riscv32-unknown-elf/lib/libc.a(libc_a-findfp.o) (_fwalk_sglue)
/home/yangn0/bao_hyp_bosc/tools/riscv32-unknown-elf-15.1.0-ubuntu-22.04/bin/../lib/gcc/riscv32-unknown-elf/15.1.0/../../../../riscv32-unknown-elf/lib/libc.a(libc_a-stdio.o)
                              /home/yangn0/bao_hyp_bosc/tools/riscv32-unknown-elf-15.1.0-ubuntu-22.04/bin/../lib/gcc/riscv32-unknown-elf/15.1.0/../../../../riscv32-unknown-elf/lib/libc.a(libc_a-findfp.o) (__sread)
/home/yangn0/bao_hyp_bosc/tools/riscv32-unknown-elf-15.1.0-ubuntu-22.04/bin/../lib/gcc/riscv32-unknown-elf/15.1.0/../../../../riscv32-unknown-elf/lib/libc.a(libc_a-memchr.o)
                              /home/yangn0/bao_hyp_bosc/tools/riscv32-unknown-elf-15.1.0-ubuntu-22.04/bin/../lib/gcc/riscv32-unknown-elf/15.1.0/../../../../riscv32-unknown-elf/lib/libc.a(libc_a-svfprintf.o) (memchr)
/home/yangn0/bao_hyp_bosc/tools/riscv32-unknown-elf-15.1.0-ubuntu-22.04/bin/../lib/gcc/riscv32-unknown-elf/15.1.0/../../../../riscv32-unknown-elf/lib/libc.a(libc_a-strncpy.o)
                              /home/yangn0/bao_hyp_bosc/tools/riscv32-unknown-elf-15.1.0-ubuntu-22.04/bin/../lib/gcc/riscv32-unknown-elf/15.1.0/../../../../riscv32-unknown-elf/lib/libc.a(libc_a-svfprintf.o) (strncpy)
/home/yangn0/bao_hyp_bosc/tools/riscv32-unknown-elf-15.1.0-ubuntu-22.04/bin/../lib/gcc/riscv32-unknown-elf/15.1.0/../../../../riscv32-unknown-elf/lib/libc.a(libc_a-localeconv.o)
                              /home/yangn0/bao_hyp_bosc/tools/riscv32-unknown-elf-15.1.0-ubuntu-22.04/bin/../lib/gcc/riscv32-unknown-elf/15.1.0/../../../../riscv32-unknown-elf/lib/libc.a(libc_a-svfprintf.o) (_localeconv_r)
/home/yangn0/bao_hyp_bosc/tools/riscv32-unknown-elf-15.1.0-ubuntu-22.04/bin/../lib/gcc/riscv32-unknown-elf/15.1.0/../../../../riscv32-unknown-elf/lib/libc.a(libc_a-closer.o)
[...]
Memory Configuration

Name             Origin             Length             Attributes
itcm             0x00000000         0x00020000
dtcm             0x00020000         0x00018000
stack            0x00038000         0x00008000
*default*        0x00000000         0xffffffff

Linker script and memory map

LOAD FreeRTOS/portable/GCC/RISC-V/portASM.o
LOAD task/task_rvv/vec-daxpy.o
LOAD task/task_rvv/vec-vadd.o
LOAD task/task_rvv/vec-vmul.o
LOAD ../common/start.o
LOAD clint.o
LOAD main.o
LOAD main_PressureTest.o
LOAD main_Semaphore.o
LOAD FreeRTOS/croutine.o
LOAD FreeRTOS/event_groups.o
LOAD FreeRTOS/list.o
LOAD FreeRTOS/queue.o
LOAD FreeRTOS/stream_buffer.o
LOAD FreeRTOS/tasks.o
LOAD FreeRTOS/timers.o
LOAD FreeRTOS/portable/GCC/RISC-V/port.o
LOAD FreeRTOS/portable/MemMang/heap_4.o
LOAD Core/core_riscv.o
LOAD task/task1_big.o
LOAD task/task2_sort.o
LOAD task/task3_path.o
LOAD task/task4_maxs.o
LOAD task/task5_filter.o
LOAD task/task6_find.o
LOAD task/task7_float_test.o
LOAD task/task_rvv/free_main.o
LOAD ../common/../lib/utils.o
LOAD ../common/../lib/uart.o
LOAD ../common/../lib/htif.o
LOAD /home/yangn0/bao_hyp_bosc/tools/riscv32-unknown-elf-15.1.0-ubuntu-22.04/bin/../lib/gcc/riscv32-unknown-elf/15.1.0/libgcc.a
START GROUP
LOAD /home/yangn0/bao_hyp_bosc/tools/riscv32-unknown-elf-15.1.0-ubuntu-22.04/bin/../lib/gcc/riscv32-unknown-elf/15.1.0/../../../../riscv32-unknown-elf/lib/libc.a
LOAD /home/yangn0/bao_hyp_bosc/tools/riscv32-unknown-elf-15.1.0-ubuntu-22.04/bin/../lib/gcc/riscv32-unknown-elf/15.1.0/../../../../riscv32-unknown-elf/lib/libgloss.a
END GROUP
LOAD /home/yangn0/bao_hyp_bosc/tools/riscv32-unknown-elf-15.1.0-ubuntu-22.04/bin/../lib/gcc/riscv32-unknown-elf/15.1.0/libgcc.a
                0x00008000                        _stack_len = LENGTH (stack)
                0x00040000                        _stack_start = (ORIGIN (stack) + LENGTH (stack))
                0x00040000                        _stack_end = (ORIGIN (stack) + LENGTH (stack))

.text           0x00000000     0x8b3c
 *(.text.start)
 .text.start    0x00000000     0x1414 ../common/start.o
                0x00000000                __start
                0x000000d0                default_exc_handler
                0x00000300                vector_table
                0x00000c00                _plic_vector_table
                0x0000101c                hw_interrupt_disable
                0x00001022                hw_interrupt_enable
 *(.text*)
 *fill*         0x00001414       0xec 
 .text          0x00001500      0x41a FreeRTOS/portable/GCC/RISC-V/portASM.o
                0x00001500                SW_Handler
                0x00001700                xPortStartFirstTask
                0x00001800                pxPortInitialiseStack
 *fill*         0x0000191a        0x2 
 .text          0x0000191c       0x22 task/task_rvv/vec-vadd.o
                0x0000191c                vec_vadd
 *fill*         0x0000193e        0x2 
 .text          0x00001940       0x22 task/task_rvv/vec-vmul.o
                0x00001940                vec_vmul
 .text.handle_trap_timer
                0x00001962       0x5c clint.o
                0x00001962                handle_trap_timer
 .text.DIS_I    0x000019be       0x20 clint.o
                0x000019be                DIS_I
 .text.EN_I     0x000019de       0x2e clint.o
                0x000019de                EN_I
 .text.handle_trap_software
                0x00001a0c       0x18 clint.o
                0x00001a0c                handle_trap_software
 .text.clint_csr_cfg
                0x00001a24       0x4e clint.o
                0x00001a24                clint_csr_cfg
 .text.CLINT_mtime_write
                0x00001a72       0x46 clint.o
                0x00001a72                CLINT_mtime_write
 .text.CLINT_misp_write
                0x00001ab8       0x22 clint.o
                0x00001ab8                CLINT_misp_write
 .text.CLINT_mtime_cmp_write
                0x00001ada       0x48 clint.o
                0x00001ada                CLINT_mtime_cmp_write
 .text.clint_init
                0x00001b22       0x2a clint.o
                0x00001b22                clint_init
 .text.simple_exc_handler
                0x00001b4c       0x46 clint.o
                0x00001b4c                simple_exc_handler
 .text.get_mcause
                0x00001b92       0x1e clint.o
                0x00001b92                get_mcause
 .text.entry_init
                0x00001bb0       0x18 main.o
                0x00001bb0                entry_init
 .text.plic_irq_vec_handler_1
                0x00001bc8       0x12 main.o
                0x00001bc8                plic_irq_vec_handler_1
 .text.plic_irq_vec_handler_2
                0x00001bda       0x12 main.o
                0x00001bda                plic_irq_vec_handler_2
 .text.plic_irq_vec_handler_3
                0x00001bec       0x12 main.o
                0x00001bec                plic_irq_vec_handler_3
 .text.plic_irq_vec_handler_4
                0x00001bfe       0x12 main.o
                0x00001bfe                plic_irq_vec_handler_4
 .text.plic_irq_vec_handler_5
                0x00001c10       0x12 main.o
                0x00001c10                plic_irq_vec_handler_5
 .text.plic_irq_vec_handler_6
                0x00001c22       0x12 main.o
                0x00001c22                plic_irq_vec_handler_6
 .text.plic_irq_vec_handler_7
                0x00001c34       0x12 main.o
                0x00001c34                plic_irq_vec_handler_7
 .text.plic_irq_vec_handler_8
                0x00001c46       0x12 main.o
                0x00001c46                plic_irq_vec_handler_8
 .text.plic_irq_vec_handler_9
                0x00001c58       0x12 main.o
                0x00001c58                plic_irq_vec_handler_9
 .text.task1    0x00001c6a       0x5c main_PressureTest.o
                0x00001c6a                task1
 .text.task2    0x00001cc6       0xbc main_PressureTest.o
                0x00001cc6                task2
 .text.task3    0x00001d82       0x66 main_PressureTest.o
                0x00001d82                task3
 .text.task4    0x00001de8       0xbc main_PressureTest.o
                0x00001de8                task4
 .text.task5    0x00001ea4       0x5c main_PressureTest.o
                0x00001ea4                task5
 .text.task6    0x00001f00       0x5c main_PressureTest.o
                0x00001f00                task6
 .text.task7    0x00001f5c      0x164 main_PressureTest.o
                0x00001f5c                task7
 .text.task8    0x000020c0       0x9a main_PressureTest.o
                0x000020c0                task8
 .text.task9    0x0000215a       0x76 main_PressureTest.o
                0x0000215a                task9
 .text.task10   0x000021d0       0xae main_PressureTest.o
                0x000021d0                task10
 .text.main_PressureTest
                0x0000227e      0x176 main_PressureTest.o
                0x0000227e                main_PressureTest
 .text.vApplicationIdleHook
                0x000023f4        0xc FreeRTOS/croutine.o
                0x000023f4                vApplicationIdleHook
 .text.prvCheckPendingReadyList
                0x00002400       0x96 FreeRTOS/croutine.o
 .text.prvCheckDelayedList
                0x00002496      0x13c FreeRTOS/croutine.o
 .text.vCoRoutineSchedule
                0x000025d2       0xdc FreeRTOS/croutine.o
                0x000025d2                vCoRoutineSchedule
 .text.vListInitialise
                0x000026ae       0x50 FreeRTOS/list.o
                0x000026ae                vListInitialise
 .text.vListInitialiseItem
                0x000026fe       0x1e FreeRTOS/list.o
                0x000026fe                vListInitialiseItem
 .text.vListInsertEnd
                0x0000271c       0x6a FreeRTOS/list.o
                0x0000271c                vListInsertEnd
 .text.vListInsert
                0x00002786       0xa6 FreeRTOS/list.o
                0x00002786                vListInsert
 .text.uxListRemove
                0x0000282c       0x74 FreeRTOS/list.o
                0x0000282c                uxListRemove
 .text.xQueueGenericReset
                0x000028a0      0x14a FreeRTOS/queue.o
                0x000028a0                xQueueGenericReset
 .text.xQueueGenericCreate
                0x000029ea       0xce FreeRTOS/queue.o
                0x000029ea                xQueueGenericCreate
 .text.prvInitialiseNewQueue
                0x00002ab8       0x6e FreeRTOS/queue.o
 .text.prvInitialiseMutex
                0x00002b26       0x40 FreeRTOS/queue.o
 .text.xQueueCreateMutex
                0x00002b66       0x40 FreeRTOS/queue.o
                0x00002b66                xQueueCreateMutex
 .text.xQueueGenericSend
                0x00002ba6      0x222 FreeRTOS/queue.o
                0x00002ba6                xQueueGenericSend
 .text.xQueueReceive
                0x00002dc8      0x1e2 FreeRTOS/queue.o
                0x00002dc8                xQueueReceive
 .text.xQueueSemaphoreTake
                0x00002faa      0x23a FreeRTOS/queue.o
                0x00002faa                xQueueSemaphoreTake
 .text.prvGetDisinheritPriorityAfterTimeout
                0x000031e4       0x3a FreeRTOS/queue.o
 .text.prvCopyDataToQueue
                0x0000321e      0x12a FreeRTOS/queue.o
 .text.prvCopyDataFromQueue
                0x00003348       0x6a FreeRTOS/queue.o
 .text.prvUnlockQueue
                0x000033b2       0xc6 FreeRTOS/queue.o
 .text.prvIsQueueEmpty
                0x00003478       0x36 FreeRTOS/queue.o
 .text.prvIsQueueFull
                0x000034ae       0x3e FreeRTOS/queue.o
 .text.vQueueAddToRegistry
                0x000034ec       0xdc FreeRTOS/queue.o
                0x000034ec                vQueueAddToRegistry
 .text.vQueueWaitForMessageRestricted
                0x000035c8       0x8e FreeRTOS/queue.o
                0x000035c8                vQueueWaitForMessageRestricted
 .text.xTaskCreate
                0x00003656       0xd2 FreeRTOS/tasks.o
                0x00003656                xTaskCreate
 .text.prvInitialiseNewTask
                0x00003728      0x1d0 FreeRTOS/tasks.o
 .text.prvAddNewTaskToReadyList
                0x000038f8      0x18c FreeRTOS/tasks.o
 .text.vTaskSuspend
                0x00003a84      0x12c FreeRTOS/tasks.o
                0x00003a84                vTaskSuspend
 .text.vTaskStartScheduler
                0x00003bb0       0xbe FreeRTOS/tasks.o
                0x00003bb0                vTaskStartScheduler
 .text.vTaskSuspendAll
                0x00003c6e       0x26 FreeRTOS/tasks.o
                0x00003c6e                vTaskSuspendAll
 .text.xTaskResumeAll
                0x00003c94      0x284 FreeRTOS/tasks.o
                0x00003c94                xTaskResumeAll
 .text.xTaskGetTickCount
                0x00003f18       0x22 FreeRTOS/tasks.o
                0x00003f18                xTaskGetTickCount
 .text.xTaskIncrementTick
                0x00003f3a      0x2f2 FreeRTOS/tasks.o
                0x00003f3a                xTaskIncrementTick
 .text.vTaskSwitchContext
                0x0000422c       0xe6 FreeRTOS/tasks.o
                0x0000422c                vTaskSwitchContext
 .text.vTaskPlaceOnEventList
                0x00004312       0x5c FreeRTOS/tasks.o
                0x00004312                vTaskPlaceOnEventList
 .text.vTaskPlaceOnEventListRestricted
                0x0000436e       0xc4 FreeRTOS/tasks.o
                0x0000436e                vTaskPlaceOnEventListRestricted
 .text.xTaskRemoveFromEventList
                0x00004432      0x25a FreeRTOS/tasks.o
                0x00004432                xTaskRemoveFromEventList
 .text.vTaskInternalSetTimeOutState
                0x0000468c       0x32 FreeRTOS/tasks.o
                0x0000468c                vTaskInternalSetTimeOutState
 .text.xTaskCheckForTimeOut
                0x000046be      0x128 FreeRTOS/tasks.o
                0x000046be                xTaskCheckForTimeOut
 .text.vTaskMissedYield
                0x000047e6       0x1c FreeRTOS/tasks.o
                0x000047e6                vTaskMissedYield
 .text.prvIdleTask
                0x00004802       0x1e FreeRTOS/tasks.o
 .text.prvInitialiseTaskLists
                0x00004820       0xa4 FreeRTOS/tasks.o
 .text.prvCheckTasksWaitingTermination
                0x000048c4       0x72 FreeRTOS/tasks.o
 .text.prvDeleteTCB
                0x00004936       0x2c FreeRTOS/tasks.o
 .text.prvResetNextTaskUnblockTime
                0x00004962       0x3e FreeRTOS/tasks.o
 .text.xTaskGetSchedulerState
                0x000049a0       0x3e FreeRTOS/tasks.o
                0x000049a0                xTaskGetSchedulerState
 .text.xTaskPriorityInherit
                0x000049de      0x192 FreeRTOS/tasks.o
                0x000049de                xTaskPriorityInherit
 .text.xTaskPriorityDisinherit
                0x00004b70      0x168 FreeRTOS/tasks.o
                0x00004b70                xTaskPriorityDisinherit
 .text.vTaskPriorityDisinheritAfterTimeout
                0x00004cd8      0x1d6 FreeRTOS/tasks.o
                0x00004cd8                vTaskPriorityDisinheritAfterTimeout
 .text.pvTaskIncrementMutexHeldCount
                0x00004eae       0x32 FreeRTOS/tasks.o
                0x00004eae                pvTaskIncrementMutexHeldCount
 .text.prvAddCurrentTaskToDelayedList
                0x00004ee0      0x14a FreeRTOS/tasks.o
 .text.xTimerCreateTimerTask
                0x0000502a       0x6c FreeRTOS/timers.o
                0x0000502a                xTimerCreateTimerTask
 .text.prvReloadTimer
                0x00005096       0x5e FreeRTOS/timers.o
 .text.prvProcessExpiredTimer
                0x000050f4       0x78 FreeRTOS/timers.o
 .text.prvTimerTask
                0x0000516c       0x28 FreeRTOS/timers.o
 .text.prvProcessTimerOrBlockTask
                0x00005194       0xa6 FreeRTOS/timers.o
 .text.prvGetNextExpireTime
                0x0000523a       0x50 FreeRTOS/timers.o
 .text.prvSampleTimeNow
                0x0000528a       0x52 FreeRTOS/timers.o
 .text.prvInsertTimerInActiveList
                0x000052dc       0xb4 FreeRTOS/timers.o
 .text.prvProcessReceivedCommands
                0x00005390      0x238 FreeRTOS/timers.o
 .text.prvSwitchTimerLists
                0x000055c8       0x62 FreeRTOS/timers.o
 .text.prvCheckForValidListAndQueue
                0x0000562a       0x8c FreeRTOS/timers.o
 .text.vPortSetupTimerInterrupt
                0x000056b6      0x15e FreeRTOS/portable/GCC/RISC-V/port.o
                0x000056b6                vPortSetupTimerInterrupt
 .text.xPortStartScheduler
                0x00005814       0x80 FreeRTOS/portable/GCC/RISC-V/port.o
                0x00005814                xPortStartScheduler
 .text.vPortEnterCritical
                0x00005894       0x2a FreeRTOS/portable/GCC/RISC-V/port.o
                0x00005894                vPortEnterCritical
 .text.vPortExitCritical
                0x000058be       0x58 FreeRTOS/portable/GCC/RISC-V/port.o
                0x000058be                vPortExitCritical
 .text.pvPortMalloc
                0x00005916      0x236 FreeRTOS/portable/MemMang/heap_4.o
                0x00005916                pvPortMalloc
 .text.vPortFree
                0x00005b4c       0xf8 FreeRTOS/portable/MemMang/heap_4.o
                0x00005b4c                vPortFree
 .text.xPortGetFreeHeapSize
                0x00005c44       0x1a FreeRTOS/portable/MemMang/heap_4.o
                0x00005c44                xPortGetFreeHeapSize
 .text.prvHeapInit
                0x00005c5e      0x112 FreeRTOS/portable/MemMang/heap_4.o
 .text.prvInsertBlockIntoFreeList
                0x00005d70       0xfc FreeRTOS/portable/MemMang/heap_4.o
 .text.set_tmp_data
                0x00005e6c       0x82 task/task1_big.o
                0x00005e6c                set_tmp_data
 .text.big_max  0x00005eee       0x30 task/task1_big.o
                0x00005eee                big_max
 .text.setZero  0x00005f1e       0x48 task/task1_big.o
                0x00005f1e                setZero
 .text.compare  0x00005f66       0xde task/task1_big.o
                0x00005f66                compare
 .text.copy     0x00006044       0xa8 task/task1_big.o
                0x00006044                copy
 .text.big_add  0x000060ec      0x1fa task/task1_big.o
                0x000060ec                big_add
 .text.big_sub  0x000062e6      0x354 task/task1_big.o
                0x000062e6                big_sub
 .text.big_mul  0x0000663a      0x250 task/task1_big.o
                0x0000663a                big_mul
 .text.big_div  0x0000688a      0x31e task/task1_big.o
                0x0000688a                big_div
 .text.task_big
                0x00006ba8       0xec task/task1_big.o
                0x00006ba8                task_big
 .text.swap     0x00006c94       0x42 task/task2_sort.o
                0x00006c94                swap
 .text.BubSort_main
                0x00006cd6      0x118 task/task2_sort.o
                0x00006cd6                BubSort_main
 .text.task_search
                0x00006dee       0xaa task/task3_path.o
                0x00006dee                task_search
 .text.search_path
                0x00006e98      0x134 task/task3_path.o
                0x00006e98                search_path
 .text.maxSum_1
                0x00006fcc       0xce task/task4_maxs.o
                0x00006fcc                maxSum_1
 .text.task_maxs
                0x0000709a       0x88 task/task4_maxs.o
                0x0000709a                task_maxs
 .text.middleFilter
                0x00007122      0x1a8 task/task5_filter.o
                0x00007122                middleFilter
 .text.task_filter
                0x000072ca       0x72 task/task5_filter.o
                0x000072ca                task_filter
 .text.task_find
                0x0000733c       0x54 task/task6_find.o
                0x0000733c                task_find
 .text.Find     0x00007390       0x58 task/task6_find.o
                0x00007390                Find
 .text.BinarySearch1
                0x000073e8       0x9e task/task6_find.o
                0x000073e8                BinarySearch1
 .text.test_float_val
                0x00007486       0x20 task/task7_float_test.o
                0x00007486                test_float_val
 .text.float_test_error
                0x000074a6      0x272 task/task7_float_test.o
                0x000074a6                float_test_error
 .text.verify_int16
                0x00007718      0x10a task/task_rvv/free_main.o
 .text.free_main_add
                0x00007822       0x82 task/task_rvv/free_main.o
                0x00007822                free_main_add
 .text.free_main_mul
                0x000078a4       0xe8 task/task_rvv/free_main.o
                0x000078a4                free_main_mul
 .text.test_pass
                0x0000798c       0x1a ../common/../lib/utils.o
                0x0000798c                test_pass
 .text.test_fail
                0x000079a6       0x1a ../common/../lib/utils.o
                0x000079a6                test_fail
 .text.check_iter
                0x000079c0       0x42 ../common/../lib/utils.o
                0x000079c0                check_iter
 .text.uart_out
                0x00007a02       0x36 ../common/../lib/uart.o
                0x00007a02                uart_out
 .text.putchar  0x00007a38       0x40 ../common/../lib/uart.o
                0x00007a38                putchar
 .text.strnlen  0x00007a78       0x52 ../common/../lib/uart.o
 .text.skip_atoi
                0x00007aca       0x70 ../common/../lib/uart.o
 .text.number   0x00007b3a      0x314 ../common/../lib/uart.o
 .text.eaddr    0x00007e4e      0x17e ../common/../lib/uart.o
 .text.iaddr    0x00007fcc      0x29c ../common/../lib/uart.o
 .text.ee_vsprintf
                0x00008268      0x5fe ../common/../lib/uart.o
 .text.my_putchar
                0x00008866       0x32 ../common/../lib/uart.o
                0x00008866                my_putchar
 .text.ee_printf
                0x00008898       0xae ../common/../lib/uart.o
                0x00008898                ee_printf
 .text          0x00008946       0xa8 /home/yangn0/bao_hyp_bosc/tools/riscv32-unknown-elf-15.1.0-ubuntu-22.04/bin/../lib/gcc/riscv32-unknown-elf/15.1.0/../../../../riscv32-unknown-elf/lib/libc.a(libc_a-memset.o)
                0x00008946                memset
 .text.memcpy   0x000089ee       0xe8 /home/yangn0/bao_hyp_bosc/tools/riscv32-unknown-elf-15.1.0-ubuntu-22.04/bin/../lib/gcc/riscv32-unknown-elf/15.1.0/../../../../riscv32-unknown-elf/lib/libc.a(libc_a-memcpy.o)
                0x000089ee                memcpy
 .text.strlen   0x00008ad6       0x64 /home/yangn0/bao_hyp_bosc/tools/riscv32-unknown-elf-15.1.0-ubuntu-22.04/bin/../lib/gcc/riscv32-unknown-elf/15.1.0/../../../../riscv32-unknown-elf/lib/libc.a(libc_a-strlen.o)
                0x00008ad6                strlen
                0x00008b3c                        . = ALIGN (0x4)
 *fill*         0x00008b3a        0x2 

.uartif         0x00020000        0x0
                [!provide]                        PROVIDE (__uartif_base = .)
 *(.uartif)

.rodata         0x00008b3c      0x4c3
                0x00008b3c                        . = ALIGN (0x4)
 *(.srodata)
 *(.srodata.*)
 .srodata.uxTopUsedPriority
                0x00008b3c        0x4 FreeRTOS/tasks.o
                0x00008b3c                uxTopUsedPriority
 .srodata.xISRStackTop
                0x00008b40        0x4 FreeRTOS/portable/GCC/RISC-V/port.o
                0x00008b40                xISRStackTop
 *(.rodata)
 .rodata        0x00008b44       0x14 clint.o
 .rodata        0x00008b58      0x135 main_PressureTest.o
 *fill*         0x00008c8d        0x3 
 .rodata        0x00008c90       0x35 FreeRTOS/queue.o
 *fill*         0x00008cc5        0x3 
 .rodata        0x00008cc8       0xa7 FreeRTOS/tasks.o
 *fill*         0x00008d6f        0x1 
 .rodata        0x00008d70       0x45 FreeRTOS/timers.o
 *fill*         0x00008db5        0x3 
 .rodata        0x00008db8       0x45 FreeRTOS/portable/GCC/RISC-V/port.o
 *fill*         0x00008dfd        0x3 
 .rodata        0x00008e00       0x45 FreeRTOS/portable/MemMang/heap_4.o
 *fill*         0x00008e45        0x3 
 .rodata        0x00008e48      0x112 task/task1_big.o
 *fill*         0x00008f5a        0x2 
 .rodata        0x00008f5c       0x24 task/task4_maxs.o
 .rodata        0x00008f80        0x4 task/task5_filter.o
 .rodata        0x00008f84       0x10 task/task7_float_test.o
 .rodata        0x00008f94       0x14 task/task_rvv/free_main.o
 .rodata        0x00008fa8       0x57 ../common/../lib/uart.o
 *(.rodata.*)

.rela.dyn       0x00009000        0x0
 .rela.text.start
                0x00009000        0x0 FreeRTOS/portable/GCC/RISC-V/portASM.o
 .rela.srodata.xISRStackTop
                0x00009000        0x0 FreeRTOS/portable/GCC/RISC-V/portASM.o

.htif           0x00020000        0x0
                [!provide]                        PROVIDE (__htif_base = .)
 *(.htif)
                0x00020000                        . = ALIGN (0x1000)

.data           0x00020000      0x2d8
                0x00020000                        . = ALIGN (0x4)
                0x00020800                        //__global_pointer$ = (. + 0x800)
 *(.sdata)
 *(.sdata.*)
 .sdata.uxCriticalNesting
                0x00020000        0x4 FreeRTOS/portable/GCC/RISC-V/port.o
 .sdata.digits  0x00020004        0x4 ../common/../lib/uart.o
 .sdata.upper_digits
                0x00020008        0x4 ../common/../lib/uart.o
 .sdata.ee_open
                0x0002000c        0x4 ../common/../lib/uart.o
                0x0002000c                ee_open
 *(.data)
 *(.data.*)
 .data.sarr     0x00020010       0x18 task/task2_sort.o
                0x00020010                sarr
 .data.fx       0x00020028       0x14 task/task3_path.o
                0x00020028                fx
 .data.fy       0x0002003c       0x14 task/task3_path.o
                0x0002003c                fy
 .data.fa       0x00020050       0x30 task/task6_find.o
                0x00020050                fa
 .data.input1_data
                0x00020080       0xc8 task/task_rvv/free_main.o
 .data.input2_data
                0x00020148       0xc8 task/task_rvv/free_main.o
 .data.verify_data
                0x00020210       0xc8 task/task_rvv/free_main.o

.myinterrupt    0x000202d8      0x808
                0x000202e0                        . = ALIGN (0x10)
 *fill*         0x000202d8        0x8 
                0x000202e0                        _myinterrupt_start = .
                0x00020ae0                        . = (. + 0x800)
 *fill*         0x000202e0      0x800 
                0x00020ae0                        _myinterrupt_end = .
                0x00020ae0                        __freertos_irq_stack_top = .

.bss            0x00020ae0    0x1501c
                0x00020ae0                        . = ALIGN (0x4)
                0x00020ae0                        _bss_start = .
 *(.sbss)
 *(.sbss.*)
 .sbss.tm1      0x00020ae0        0x4 clint.o
                0x00020ae0                tm1
 .sbss.g_level  0x00020ae4        0x4 clint.o
                0x00020ae4                g_level
 .sbss.ok_num   0x00020ae8        0x4 main_PressureTest.o
                0x00020ae8                ok_num
 .sbss.Task1_Handler
                0x00020aec        0x4 main_PressureTest.o
                0x00020aec                Task1_Handler
 .sbss.t1_err   0x00020af0        0x4 main_PressureTest.o
                0x00020af0                t1_err
 .sbss.Task2_Handler
                0x00020af4        0x4 main_PressureTest.o
                0x00020af4                Task2_Handler
 .sbss.t2_err   0x00020af8        0x4 main_PressureTest.o
                0x00020af8                t2_err
 .sbss.Task3_Handler
                0x00020afc        0x4 main_PressureTest.o
                0x00020afc                Task3_Handler
 .sbss.t3_err   0x00020b00        0x4 main_PressureTest.o
                0x00020b00                t3_err
 .sbss.Task4_Handler
                0x00020b04        0x4 main_PressureTest.o
                0x00020b04                Task4_Handler
 .sbss.t4_err   0x00020b08        0x4 main_PressureTest.o
                0x00020b08                t4_err
 .sbss.Task5_Handler
                0x00020b0c        0x4 main_PressureTest.o
                0x00020b0c                Task5_Handler
 .sbss.t5_err   0x00020b10        0x4 main_PressureTest.o
                0x00020b10                t5_err
 .sbss.Task6_Handler
                0x00020b14        0x4 main_PressureTest.o
                0x00020b14                Task6_Handler
 .sbss.t6_err   0x00020b18        0x4 main_PressureTest.o
                0x00020b18                t6_err
 .sbss.Task7_Handler
                0x00020b1c        0x4 main_PressureTest.o
                0x00020b1c                Task7_Handler
 .sbss.t7_err   0x00020b20        0x4 main_PressureTest.o
                0x00020b20                t7_err
 .sbss.Mutex_Handler1
                0x00020b24        0x4 main_PressureTest.o
                0x00020b24                Mutex_Handler1
 .sbss.Task8_Handler
                0x00020b28        0x4 main_PressureTest.o
                0x00020b28                Task8_Handler
 .sbss.t8_err   0x00020b2c        0x4 main_PressureTest.o
                0x00020b2c                t8_err
 .sbss.Task9_Handler
                0x00020b30        0x4 main_PressureTest.o
                0x00020b30                Task9_Handler
 .sbss.t9_err   0x00020b34        0x4 main_PressureTest.o
                0x00020b34                t9_err
 .sbss.Task10_Handler
                0x00020b38        0x4 main_PressureTest.o
                0x00020b38                Task10_Handler
 .sbss.pxDelayedCoRoutineList
                0x00020b3c        0x4 FreeRTOS/croutine.o
 .sbss.pxOverflowDelayedCoRoutineList
                0x00020b40        0x4 FreeRTOS/croutine.o
 .sbss.pxCurrentCoRoutine
                0x00020b44        0x4 FreeRTOS/croutine.o
                0x00020b44                pxCurrentCoRoutine
 .sbss.uxTopCoRoutineReadyPriority
                0x00020b48        0x4 FreeRTOS/croutine.o
 .sbss.xCoRoutineTickCount
                0x00020b4c        0x4 FreeRTOS/croutine.o
 .sbss.xLastTickCount
                0x00020b50        0x4 FreeRTOS/croutine.o
 .sbss.xPassedTicks
                0x00020b54        0x4 FreeRTOS/croutine.o
 .sbss.pxCurrentTCB
                0x00020b58        0x4 FreeRTOS/tasks.o
                0x00020b58                pxCurrentTCB
 .sbss.pxDelayedTaskList
                0x00020b5c        0x4 FreeRTOS/tasks.o
 .sbss.pxOverflowDelayedTaskList
                0x00020b60        0x4 FreeRTOS/tasks.o
 .sbss.uxDeletedTasksWaitingCleanUp
                0x00020b64        0x4 FreeRTOS/tasks.o
 .sbss.uxCurrentNumberOfTasks
                0x00020b68        0x4 FreeRTOS/tasks.o
 .sbss.xTickCount
                0x00020b6c        0x4 FreeRTOS/tasks.o
 .sbss.uxTopReadyPriority
                0x00020b70        0x4 FreeRTOS/tasks.o
 .sbss.xSchedulerRunning
                0x00020b74        0x4 FreeRTOS/tasks.o
 .sbss.xPendedTicks
                0x00020b78        0x4 FreeRTOS/tasks.o
 .sbss.xYieldPending
                0x00020b7c        0x4 FreeRTOS/tasks.o
 .sbss.xNumOfOverflows
                0x00020b80        0x4 FreeRTOS/tasks.o
 .sbss.uxTaskNumber
                0x00020b84        0x4 FreeRTOS/tasks.o
 .sbss.xNextTaskUnblockTime
                0x00020b88        0x4 FreeRTOS/tasks.o
 .sbss.xIdleTaskHandle
                0x00020b8c        0x4 FreeRTOS/tasks.o
 .sbss.uxSchedulerSuspended
                0x00020b90        0x4 FreeRTOS/tasks.o
 .sbss.pxCurrentTimerList
                0x00020b94        0x4 FreeRTOS/timers.o
 .sbss.pxOverflowTimerList
                0x00020b98        0x4 FreeRTOS/timers.o
 .sbss.xTimerQueue
                0x00020b9c        0x4 FreeRTOS/timers.o
 .sbss.xTimerTaskHandle
                0x00020ba0        0x4 FreeRTOS/timers.o
 .sbss.xLastTime.0
                0x00020ba4        0x4 FreeRTOS/timers.o
 .sbss.ullNextTime
                0x00020ba8        0x8 FreeRTOS/portable/GCC/RISC-V/port.o
                0x00020ba8                ullNextTime
 .sbss.pullMachineTimerCompareRegister
                0x00020bb0        0x4 FreeRTOS/portable/GCC/RISC-V/port.o
                0x00020bb0                pullMachineTimerCompareRegister
 .sbss.xStart   0x00020bb4        0x8 FreeRTOS/portable/MemMang/heap_4.o
 .sbss.pxEnd    0x00020bbc        0x4 FreeRTOS/portable/MemMang/heap_4.o
 .sbss.xFreeBytesRemaining
                0x00020bc0        0x4 FreeRTOS/portable/MemMang/heap_4.o
 .sbss.xMinimumEverFreeBytesRemaining
                0x00020bc4        0x4 FreeRTOS/portable/MemMang/heap_4.o
 .sbss.xNumberOfSuccessfulAllocations
                0x00020bc8        0x4 FreeRTOS/portable/MemMang/heap_4.o
 .sbss.xNumberOfSuccessfulFrees
                0x00020bcc        0x4 FreeRTOS/portable/MemMang/heap_4.o
 .sbss.xBlockAllocatedBit
                0x00020bd0        0x4 FreeRTOS/portable/MemMang/heap_4.o
 .sbss.ck       0x00020bd4        0x4 task/task2_sort.o
 .sbss.n        0x00020bd8        0x4 task/task3_path.o
                0x00020bd8                n
 .sbss.m        0x00020bdc        0x4 task/task3_path.o
                0x00020bdc                m
 .sbss.ck       0x00020be0        0x4 task/task3_path.o
 .sbss.max      0x00020be4        0x4 task/task4_maxs.o
                0x00020be4                max
 .sbss.mi       0x00020be8        0x4 task/task4_maxs.o
                0x00020be8                mi
 .sbss.mj       0x00020bec        0x4 task/task4_maxs.o
                0x00020bec                mj
 .sbss.g_A      0x00020bf0        0x4 task/task7_float_test.o
                0x00020bf0                g_A
 .sbss.g_B      0x00020bf4        0x4 task/task7_float_test.o
                0x00020bf4                g_B
 .sbss.g_ADD    0x00020bf8        0x4 task/task7_float_test.o
                0x00020bf8                g_ADD
 .sbss.g_SUB    0x00020bfc        0x4 task/task7_float_test.o
                0x00020bfc                g_SUB
 .sbss.g_MUL    0x00020c00        0x4 task/task7_float_test.o
                0x00020c00                g_MUL
 .sbss.g_DIV    0x00020c04        0x4 task/task7_float_test.o
                0x00020c04                g_DIV
 *(.bss)
 *(.bss.*)
 .bss.pxReadyCoRoutineLists
                0x00020c08       0x28 FreeRTOS/croutine.o
 .bss.xPendingReadyCoRoutineList
                0x00020c30       0x14 FreeRTOS/croutine.o
 .bss.xQueueRegistry
                0x00020c44       0x40 FreeRTOS/queue.o
                0x00020c44                xQueueRegistry
 .bss.pxReadyTasksLists
                0x00020c84      0x12c FreeRTOS/tasks.o
 .bss.xDelayedTaskList1
                0x00020db0       0x14 FreeRTOS/tasks.o
 .bss.xDelayedTaskList2
                0x00020dc4       0x14 FreeRTOS/tasks.o
 .bss.xPendingReadyList
                0x00020dd8       0x14 FreeRTOS/tasks.o
 .bss.xTasksWaitingTermination
                0x00020dec       0x14 FreeRTOS/tasks.o
 .bss.xSuspendedTaskList
                0x00020e00       0x14 FreeRTOS/tasks.o
 .bss.xActiveTimerList1
                0x00020e14       0x14 FreeRTOS/timers.o
 .bss.xActiveTimerList2
                0x00020e28       0x14 FreeRTOS/timers.o
 .bss.ucHeap    0x00020e3c    0x14000 FreeRTOS/portable/MemMang/heap_4.o
 .bss.a         0x00034e3c      0x190 task/task1_big.o
                0x00034e3c                a
 .bss.b         0x00034fcc      0x190 task/task1_big.o
                0x00034fcc                b
 .bss.c         0x0003515c      0x190 task/task1_big.o
                0x0003515c                c
 .bss.t         0x000352ec      0x190 task/task1_big.o
                0x000352ec                t
 .bss.map       0x0003547c      0x640 task/task3_path.o
                0x0003547c                map
 .bss.data      0x00035abc       0x40 task/task5_filter.o
                0x00035abc                data
 *(COMMON)
                0x00035afc                        _bss_end = .

.stack          0x00038000        0x0
                0x00038000                        . = ALIGN (0x4)
                0x00038000                        stack = .
                0x00038000                        _stack = .
                0x00038000                        _end = .
OUTPUT(freertos_test elf32-littleriscv)

.riscv.attributes
                0x00000000       0xd5
 .riscv.attributes
                0x00000000       0xd3 FreeRTOS/portable/GCC/RISC-V/portASM.o
 .riscv.attributes
                0x000000d3       0xcf task/task_rvv/vec-vadd.o
 .riscv.attributes
                0x000001a2       0xcf task/task_rvv/vec-vmul.o
 .riscv.attributes
                0x00000271       0xd3 ../common/start.o
 .riscv.attributes
                0x00000344       0xd5 clint.o
 .riscv.attributes
                0x00000419       0xd1 main.o
 .riscv.attributes
                0x000004ea       0xd1 main_PressureTest.o
 .riscv.attributes
                0x000005bb       0xd1 FreeRTOS/croutine.o
 .riscv.attributes
                0x0000068c       0xd1 FreeRTOS/list.o
 .riscv.attributes
                0x0000075d       0xd1 FreeRTOS/queue.o
 .riscv.attributes
                0x0000082e       0xd1 FreeRTOS/tasks.o
 .riscv.attributes
                0x000008ff       0xd1 FreeRTOS/timers.o
 .riscv.attributes
                0x000009d0       0xd5 FreeRTOS/portable/GCC/RISC-V/port.o
 .riscv.attributes
                0x00000aa5       0xd1 FreeRTOS/portable/MemMang/heap_4.o
 .riscv.attributes
                0x00000b76       0xd1 task/task1_big.o
 .riscv.attributes
                0x00000c47       0xd1 task/task2_sort.o
 .riscv.attributes
                0x00000d18       0xd1 task/task3_path.o
 .riscv.attributes
                0x00000de9       0xd1 task/task4_maxs.o
 .riscv.attributes
                0x00000eba       0xd1 task/task5_filter.o
 .riscv.attributes
                0x00000f8b       0xd1 task/task6_find.o
 .riscv.attributes
                0x0000105c       0xd1 task/task7_float_test.o
 .riscv.attributes
                0x0000112d       0xd1 task/task_rvv/free_main.o
 .riscv.attributes
                0x000011fe       0xd5 ../common/../lib/utils.o
 .riscv.attributes
                0x000012d3       0xd5 ../common/../lib/uart.o
 .riscv.attributes
                0x000013a8       0x79 /home/yangn0/bao_hyp_bosc/tools/riscv32-unknown-elf-15.1.0-ubuntu-22.04/bin/../lib/gcc/riscv32-unknown-elf/15.1.0/../../../../riscv32-unknown-elf/lib/libc.a(libc_a-memset.o)
 .riscv.attributes
                0x00001421       0x7b /home/yangn0/bao_hyp_bosc/tools/riscv32-unknown-elf-15.1.0-ubuntu-22.04/bin/../lib/gcc/riscv32-unknown-elf/15.1.0/../../../../riscv32-unknown-elf/lib/libc.a(libc_a-memcpy.o)
 .riscv.attributes
                0x0000149c       0x7b /home/yangn0/bao_hyp_bosc/tools/riscv32-unknown-elf-15.1.0-ubuntu-22.04/bin/../lib/gcc/riscv32-unknown-elf/15.1.0/../../../../riscv32-unknown-elf/lib/libc.a(libc_a-strlen.o)

.comment        0x00000000       0x21
 .comment       0x00000000       0x21 clint.o
                                 0x10 (size before relaxing)
 .comment       0x00000021        0x0 main.o
                                 0x10 (size before relaxing)
 .comment       0x00000021        0x0 main_PressureTest.o
                                 0x10 (size before relaxing)
 .comment       0x00000021        0x0 FreeRTOS/croutine.o
                                 0x10 (size before relaxing)
 .comment       0x00000021        0x0 FreeRTOS/list.o
                                 0x10 (size before relaxing)
 .comment       0x00000021        0x0 FreeRTOS/queue.o
                                 0x10 (size before relaxing)
 .comment       0x00000021        0x0 FreeRTOS/tasks.o
                                 0x10 (size before relaxing)
 .comment       0x00000021        0x0 FreeRTOS/timers.o
                                 0x10 (size before relaxing)
 .comment       0x00000021        0x0 FreeRTOS/portable/GCC/RISC-V/port.o
                                 0x10 (size before relaxing)
 .comment       0x00000021        0x0 FreeRTOS/portable/MemMang/heap_4.o
                                 0x10 (size before relaxing)
 .comment       0x00000021        0x0 task/task1_big.o
                                 0x10 (size before relaxing)
 .comment       0x00000021        0x0 task/task2_sort.o
                                 0x10 (size before relaxing)
 .comment       0x00000021        0x0 task/task3_path.o
                                 0x10 (size before relaxing)
 .comment       0x00000021        0x0 task/task4_maxs.o
                                 0x10 (size before relaxing)
 .comment       0x00000021        0x0 task/task5_filter.o
                                 0x10 (size before relaxing)
 .comment       0x00000021        0x0 task/task6_find.o
                                 0x10 (size before relaxing)
 .comment       0x00000021        0x0 task/task7_float_test.o
                                 0x10 (size before relaxing)
 .comment       0x00000021        0x0 task/task_rvv/free_main.o
                                 0x10 (size before relaxing)
 .comment       0x00000021        0x0 ../common/../lib/utils.o
                                 0x10 (size before relaxing)
 .comment       0x00000021        0x0 ../common/../lib/uart.o
                                 0x10 (size before relaxing)
 .comment       0x00000021        0x0 /home/yangn0/bao_hyp_bosc/tools/riscv32-unknown-elf-15.1.0-ubuntu-22.04/bin/../lib/gcc/riscv32-unknown-elf/15.1.0/../../../../riscv32-unknown-elf/lib/libc.a(libc_a-memcpy.o)
                                 0x13 (size before relaxing)
 .comment       0x00000021        0x0 /home/yangn0/bao_hyp_bosc/tools/riscv32-unknown-elf-15.1.0-ubuntu-22.04/bin/../lib/gcc/riscv32-unknown-elf/15.1.0/../../../../riscv32-unknown-elf/lib/libc.a(libc_a-strlen.o)
                                 0x13 (size before relaxing)

.note.GNU-stack
                0x00000000        0x0
 .note.GNU-stack
                0x00000000        0x0 clint.o
 .note.GNU-stack
                0x00000000        0x0 main.o
 .note.GNU-stack
                0x00000000        0x0 main_PressureTest.o
 .note.GNU-stack
                0x00000000        0x0 FreeRTOS/croutine.o
 .note.GNU-stack
                0x00000000        0x0 FreeRTOS/list.o
 .note.GNU-stack
                0x00000000        0x0 FreeRTOS/queue.o
 .note.GNU-stack
                0x00000000        0x0 FreeRTOS/tasks.o
 .note.GNU-stack
                0x00000000        0x0 FreeRTOS/timers.o
 .note.GNU-stack
                0x00000000        0x0 FreeRTOS/portable/GCC/RISC-V/port.o
 .note.GNU-stack
                0x00000000        0x0 FreeRTOS/portable/MemMang/heap_4.o
 .note.GNU-stack
                0x00000000        0x0 task/task1_big.o
 .note.GNU-stack
                0x00000000        0x0 task/task2_sort.o
 .note.GNU-stack
                0x00000000        0x0 task/task3_path.o
 .note.GNU-stack
                0x00000000        0x0 task/task4_maxs.o
 .note.GNU-stack
                0x00000000        0x0 task/task5_filter.o
 .note.GNU-stack
                0x00000000        0x0 task/task6_find.o
 .note.GNU-stack
                0x00000000        0x0 task/task7_float_test.o
 .note.GNU-stack
                0x00000000        0x0 task/task_rvv/free_main.o
 .note.GNU-stack
                0x00000000        0x0 ../common/../lib/utils.o
 .note.GNU-stack
                0x00000000        0x0 ../common/../lib/uart.o
 .note.GNU-stack
                0x00000000        0x0 /home/yangn0/bao_hyp_bosc/tools/riscv32-unknown-elf-15.1.0-ubuntu-22.04/bin/../lib/gcc/riscv32-unknown-elf/15.1.0/../../../../riscv32-unknown-elf/lib/libc.a(libc_a-memcpy.o)
 .note.GNU-stack
                0x00000000        0x0 /home/yangn0/bao_hyp_bosc/tools/riscv32-unknown-elf-15.1.0-ubuntu-22.04/bin/../lib/gcc/riscv32-unknown-elf/15.1.0/../../../../riscv32-unknown-elf/lib/libc.a(libc_a-strlen.o)
